// Jest Snapshot v1, https://goo.gl/fbAQLP

exports[`main 1`] = `
"module TestTranslations.Account exposing (..)


email =
    \\"Email\\"


error =
    \\"Something went wrong, try reloading the page.\\"


text2hOfferMessage =
    \\"Something that begins with a number\\"
"
`;

exports[`main 2`] = `
"module TestTranslations.Signup exposing (..)


incognitoMessage =
    \\"This is a message\\"


loading =
    \\"Loading\\"
"
`;

exports[`main 3`] = `
"module TestTranslations.Signup.NameStep exposing (..)


label =
    \\"First name\\"


title =
    \\"Enter your name\\"
"
`;
